Initialized native services in: C:\Users\Admin\.gradle\native
Initialized jansi services in: C:\Users\Admin\.gradle\native
Found daemon DaemonInfo{pid=4156, address=[fb25ad27-3bb3-4430-8130-ec07dc19d13e port:61577, addresses:[/127.0.0.1]], state=Idle, lastBusy=1761749905363, context=DefaultDaemonContext[uid=8c39bade-c3e0-4be0-b4b2-2c6344b95c17,javaHome=C:\Program Files\Java\jdk-21,javaVersion=21,javaVendor=Oracle Corporation,daemonRegistryDir=C:\Users\Admin\.gradle\daemon,pid=4156,idleTimeout=10800000,priority=NORMAL,applyInstrumentationAgent=true,nativeServicesMode=ENABLED,daemonOpts=-XX:MaxMetaspaceSize=384m,-XX:+HeapDumpOnOutOfMemoryError,-Xms256m,-Xmx512m,-Dfile.encoding=UTF-8,-Duser.country,-Duser.language=en,-Duser.variant]} however its context does not match the desired criteria.
At least one daemon option is different.
Wanted: DaemonRequestContext{jvmCriteria=C:\Program Files\Java\jdk-21 (no JDK specified, using current Java home), daemonOpts=[-XX:MaxMetaspaceSize=384m, -XX:+HeapDumpOnOutOfMemoryError, -Xms256m, -Xmx512m, -Dfile.encoding=UTF-8, -Duser.country=IN, -Duser.language=en, -Duser.variant], applyInstrumentationAgent=true, nativeServicesMode=ENABLED, priority=NORMAL}
Actual: DefaultDaemonContext[uid=8c39bade-c3e0-4be0-b4b2-2c6344b95c17,javaHome=C:\Program Files\Java\jdk-21,javaVersion=21,javaVendor=Oracle Corporation,daemonRegistryDir=C:\Users\Admin\.gradle\daemon,pid=4156,idleTimeout=10800000,priority=NORMAL,applyInstrumentationAgent=true,nativeServicesMode=ENABLED,daemonOpts=-XX:MaxMetaspaceSize=384m,-XX:+HeapDumpOnOutOfMemoryError,-Xms256m,-Xmx512m,-Dfile.encoding=UTF-8,-Duser.country,-Duser.language=en,-Duser.variant]

  Looking for a different daemon...
Found daemon DaemonInfo{pid=6796, address=[91287b37-2df2-4de3-b69d-24b4a7710cb4 port:62979, addresses:[/127.0.0.1]], state=Idle, lastBusy=1761749882291, context=DefaultDaemonContext[uid=52826875-86dd-4a34-9ea0-93128b7e62d1,javaHome=C:\Users\Admin\.vscode\extensions\redhat.java-1.46.0-win32-x64\jre\21.0.8-win32-x86_64,javaVersion=21,javaVendor=Eclipse Adoptium,daemonRegistryDir=C:\Users\Admin\.gradle\daemon,pid=6796,idleTimeout=10800000,priority=NORMAL,applyInstrumentationAgent=true,nativeServicesMode=ENABLED,daemonOpts=-XX:MaxMetaspaceSize=384m,-XX:+HeapDumpOnOutOfMemoryError,-Xms256m,-Xmx512m,-Dfile.encoding=UTF-8,-Duser.country=IN,-Duser.language=en,-Duser.variant]} however its context does not match the desired criteria.
JVM is incompatible.
Wanted: DaemonRequestContext{jvmCriteria=C:\Program Files\Java\jdk-21 (no JDK specified, using current Java home), daemonOpts=[-XX:MaxMetaspaceSize=384m, -XX:+HeapDumpOnOutOfMemoryError, -Xms256m, -Xmx512m, -Dfile.encoding=UTF-8, -Duser.country=IN, -Duser.language=en, -Duser.variant], applyInstrumentationAgent=true, nativeServicesMode=ENABLED, priority=NORMAL}
Actual: DefaultDaemonContext[uid=52826875-86dd-4a34-9ea0-93128b7e62d1,javaHome=C:\Users\Admin\.vscode\extensions\redhat.java-1.46.0-win32-x64\jre\21.0.8-win32-x86_64,javaVersion=21,javaVendor=Eclipse Adoptium,daemonRegistryDir=C:\Users\Admin\.gradle\daemon,pid=6796,idleTimeout=10800000,priority=NORMAL,applyInstrumentationAgent=true,nativeServicesMode=ENABLED,daemonOpts=-XX:MaxMetaspaceSize=384m,-XX:+HeapDumpOnOutOfMemoryError,-Xms256m,-Xmx512m,-Dfile.encoding=UTF-8,-Duser.country=IN,-Duser.language=en,-Duser.variant]

  Looking for a different daemon...
The client will now receive all logging from the daemon (pid: 1260). The daemon log file: C:\Users\Admin\.gradle\daemon\8.14.3\daemon-1260.out.log
Starting 59th build in daemon [uptime: 4 hrs 1 mins 23.761 secs, performance: 100%, GC rate: 0.00/s, heap usage: 0% of 512 MiB, non-heap usage: 24% of 384 MiB]
Using 8 worker leases.
Now considering [C:\Users\Admin\Documents\New Project\demo] as hierarchies to watch
Watching the file system is configured to be enabled if available
File system watching is active
Starting Build
Settings evaluated using settings file 'C:\Users\Admin\Documents\New Project\demo\settings.gradle'.
Projects loaded. Root project using build file 'C:\Users\Admin\Documents\New Project\demo\build.gradle'.
Included projects: [root project 'demo']

> Configure project :
Evaluating root project 'demo' using build file 'C:\Users\Admin\Documents\New Project\demo\build.gradle'.
Resolved plugin [id: 'java']
Resolved plugin [id: 'org.springframework.boot', version: '3.2.12']
Resolved plugin [id: 'io.spring.dependency-management', version: '1.1.4']
Applying dependency management to configuration 'annotationProcessor' in project 'demo'
Applying dependency management to configuration 'apiElements' in project 'demo'
Applying dependency management to configuration 'archives' in project 'demo'
Applying dependency management to configuration 'bootArchives' in project 'demo'
Applying dependency management to configuration 'compileClasspath' in project 'demo'
Applying dependency management to configuration 'compileOnly' in project 'demo'
Applying dependency management to configuration 'default' in project 'demo'
Applying dependency management to configuration 'developmentOnly' in project 'demo'
Applying dependency management to configuration 'implementation' in project 'demo'
Applying dependency management to configuration 'mainSourceElements' in project 'demo'
Applying dependency management to configuration 'productionRuntimeClasspath' in project 'demo'
Applying dependency management to configuration 'runtimeClasspath' in project 'demo'
Applying dependency management to configuration 'runtimeElements' in project 'demo'
Applying dependency management to configuration 'runtimeOnly' in project 'demo'
Applying dependency management to configuration 'testAndDevelopmentOnly' in project 'demo'
Applying dependency management to configuration 'testAnnotationProcessor' in project 'demo'
Applying dependency management to configuration 'testCompileClasspath' in project 'demo'
Applying dependency management to configuration 'testCompileOnly' in project 'demo'
Applying dependency management to configuration 'testImplementation' in project 'demo'
Applying dependency management to configuration 'testResultsElementsForTest' in project 'demo'
Applying dependency management to configuration 'testRuntimeClasspath' in project 'demo'
Applying dependency management to configuration 'testRuntimeOnly' in project 'demo'
All projects evaluated.
Task name matched 'clean'
Task name matched 'compileJava'
Selected primary task 'clean' from project :
Selected primary task 'compileJava' from project :
Excluding []
Resolving global dependency management for project 'demo'
Excluding []
Tasks to be executed: [task ':clean', task ':compileJava']
Tasks that were excluded: []
Resolve mutations for :clean (Thread[#6413,Execution worker,5,main]) started.
:clean (Thread[#6413,Execution worker,5,main]) started.
destroyer locations for task group 0 (Thread[#6414,Execution worker Thread 2,5,main]) started.

> Task :clean
Caching disabled for task ':clean' because:
  Build cache is disabled
Task ':clean' is not up-to-date because:
  Task has not declared any outputs despite executing actions.
Resolve mutations for :compileJava (Thread[#6413,Execution worker,5,main]) started.
:compileJava (Thread[#6413,Execution worker,5,main]) started.

> Task :compileJava FAILED
Custom actions are attached to task ':compileJava'.
Caching disabled for task ':compileJava' because:
  Build cache is disabled
Task ':compileJava' is not up-to-date because:
  Task has failed previously.
The input changes require a full rebuild for incremental task ':compileJava'.
Compilation mode: in-process compilation
Full recompilation is required because no incremental change information is available. This is usually caused by clean builds or changing compiler arguments.
Compiling with toolchain 'C:\Program Files\Java\jdk-21'.
Compiling with JDK Java compiler API.

[Incubating] Problems report is available at: file:///C:/Users/Admin/Documents/New%20Project/demo/build/reports/problems/problems-report.html
2 actionable tasks: 2 executed
Watched directory hierarchies: [C:\Users\Admin\Documents\New Project\demo]
